// Jest Snapshot v1, https://goo.gl/fbAQLP

exports[`WelcomeOptions Should match the snapshot 1`] = `
<div
  className="welcome"
>
  <header
    className="welcome-header"
  >
    <h1>
      Methodly: Where Socrates Lives Or Dies According To How Much You Know
    </h1>
  </header>
  <h3>
    Please Select A Path
  </h3>
  <section
    class="choices"
  >
    <input
      onClick={[MockFunction]}
      type="submit"
      value="String Methods"
    />
    <input
      onClick={[MockFunction]}
      type="submit"
      value="Math Methods"
    />
  </section>
</div>
`;
